[2026-09-23T01:18:26.536Z][INFO] Command-line: 'C:\\Program Files\\Unity\\Hub\\Editor\\6000.6.2f1\\Editor\\Data\\Resources\\PackageManager\\Server\\UnityPackageManager.exe' server -s 8964 --ipc-path Unity-Upm-8964 -l 2 --log-file 'C:\\Users\\vaini\\OneDrive\\Desktop\\Aplicacion MIDI/Logs/upm.log'
[2026-09-23T01:18:26.608Z][INFO] IPC server started (IPC path=Unity-Upm-8964).
[2026-09-23T01:18:26.608Z][INFO] Hint: To connect to this UPM instance, launch Unity with the command-line parameter -upmIpcPath Upm-8964.
[2026-09-23T01:18:42.420Z][INFO] project:list-packages <-- Request received
params: {}
[2026-09-23T01:18:42.599Z][INFO] config:project:get-registries <-- Request received
params: {}
[2026-09-23T01:18:42.784Z][INFO] config:project:get-registries --> 200 (185 ms)
[2026-09-23T01:18:43.312Z][INFO] project:list-packages <-- Request received
params: {}
[2026-09-23T01:18:43.445Z][INFO] project:update-dependencies <-- Request received
params: {}
[2026-09-23T01:18:43.685Z][INFO] project:update-dependencies --> 200 (240 ms)
[2026-09-23T01:18:43.720Z][INFO] project:resolve-packages <-- Request received
params: {}
[2026-09-23T01:18:44.948Z][INFO] project:list-packages --> 200 (2529 ms)
[2026-09-23T01:18:44.950Z][INFO] project:list-packages --> 200 (1638 ms)
[2026-09-23T01:20:45.141Z][WARN] Requested version [1.0.3] for package [com.unity.settings-manager] overridden by minimum version [2.1.1].
[2026-09-23T01:20:45.143Z][INFO] project:resolve-packages --> 200 (121423 ms)
[2026-09-23T01:23:35.866Z][INFO] project:list-packages <-- Request received
params: {}
[2026-09-23T01:23:35.978Z][INFO] project:list-packages <-- Request received
params: {}
[2026-09-23T01:23:36.384Z][INFO] project:list-packages <-- Request received
params: {}
[2026-09-23T01:23:36.744Z][INFO] config:project:get-registries <-- Request received
params: {}
[2026-09-23T01:23:37.140Z][INFO] config:project:get-registries --> 200 (395 ms)
[2026-09-23T01:23:37.172Z][INFO] project:list-packages --> 200 (1306 ms)
[2026-09-23T01:23:37.426Z][INFO] project:list-packages --> 200 (1447 ms)
[2026-09-23T01:23:38.134Z][INFO] project:list-packages --> 200 (1751 ms)
[2026-09-23T01:24:37.262Z][INFO] project:list-packages <-- Request received
params: {}
[2026-09-23T01:24:37.523Z][INFO] project:list-packages --> 200 (261 ms)
[2026-09-23T01:24:39.227Z][INFO] project:list-packages <-- Request received
params: {}
[2026-09-23T01:24:39.476Z][INFO] project:list-packages --> 200 (249 ms)
[2026-09-23T01:24:42.482Z][INFO] project:list-packages <-- Request received
params: {}
[2026-09-23T01:24:42.532Z][INFO] project:list-packages <-- Request received
params: {}
[2026-09-23T01:24:43.128Z][INFO] project:list-packages <-- Request received
params: {}
[2026-09-23T01:24:43.169Z][INFO] project:list-packages --> 200 (687 ms)
[2026-09-23T01:24:43.410Z][INFO] config:project:get-registries <-- Request received
params: {}
[2026-09-23T01:24:43.457Z][INFO] project:list-packages --> 200 (925 ms)
[2026-09-23T01:24:43.503Z][INFO] config:project:get-registries --> 200 (93 ms)
[2026-09-23T01:24:43.681Z][INFO] project:list-packages --> 200 (553 ms)
[2026-09-23T01:24:50.165Z][INFO] project:list-packages <-- Request received
params: {}
[2026-09-23T01:24:50.191Z][INFO] project:list-packages <-- Request received
params: {}
[2026-09-23T01:24:51.354Z][INFO] project:list-packages --> 200 (1163 ms)
[2026-09-23T01:24:55.317Z][INFO] project:list-packages --> 200 (5152 ms)
